// Jest Snapshot v1, https://goo.gl/fbAQLP

exports[`get_files gets files from dir 1`] = `
Array [
  Object {
    "out_path": "build/test/compile.js",
    "rel_path": "compile.fnk",
    "src_path": "src/compile.fnk",
  },
  Object {
    "out_path": "build/test/compile.test.js",
    "rel_path": "compile.test.fnk",
    "src_path": "src/compile.test.fnk",
  },
  Object {
    "out_path": "build/test/files.js",
    "rel_path": "files.fnk",
    "src_path": "src/files.fnk",
  },
  Object {
    "out_path": "build/test/files.test.js",
    "rel_path": "files.test.fnk",
    "src_path": "src/files.test.fnk",
  },
  Object {
    "out_path": "build/test/index.js",
    "rel_path": "index.fnk",
    "src_path": "src/index.fnk",
  },
  Object {
    "out_path": "build/test/index.test.js",
    "rel_path": "index.test.fnk",
    "src_path": "src/index.test.fnk",
  },
  Object {
    "out_path": "build/test/testing.js",
    "rel_path": "testing.fnk",
    "src_path": "src/testing.fnk",
  },
  Object {
    "out_path": "build/test/testing.test.js",
    "rel_path": "testing.test.fnk",
    "src_path": "src/testing.test.fnk",
  },
  Object {
    "out_path": "build/test/yargs.js",
    "rel_path": "yargs.fnk",
    "src_path": "src/yargs.fnk",
  },
]
`;
